Last login: Thu Sep 16 11:57:13 on ttys000

The default interactive shell is now zsh.
To update your account to use zsh, please run `chsh -s /bin/zsh`.
For more details, please visit https://support.apple.com/kb/HT208050.
(base) Corrines-MacBook-Pro-2:~ corrinearamburo$ cd Desktop/
(base) Corrines-MacBook-Pro-2:Desktop corrinearamburo$ cd Git\ Hub/
(base) Corrines-MacBook-Pro-2:Git Hub corrinearamburo$ cd /Users/corrinearamburo/Desktop/Git\ Hub/Computational-Social-Science-Projects 
(base) Corrines-MacBook-Pro-2:Computational-Social-Science-Projects corrinearamburo$ pwd
/Users/corrinearamburo/Desktop/Git Hub/Computational-Social-Science-Projects
(base) Corrines-MacBook-Pro-2:Computational-Social-Science-Projects corrinearamburo$ git clone https://github.com/aramburoc/Git-Hub-Collaboration-Practice-.git
Cloning into 'Git-Hub-Collaboration-Practice-'...
remote: Enumerating objects: 6, done.
remote: Counting objects: 100% (6/6), done.
remote: Compressing objects: 100% (3/3), done.
remote: Total 6 (delta 0), reused 0 (delta 0), pack-reused 0
Receiving objects: 100% (6/6), done.
(base) Corrines-MacBook-Pro-2:Computational-Social-Science-Projects corrinearamburo$ pwd
/Users/corrinearamburo/Desktop/Git Hub/Computational-Social-Science-Projects
(base) Corrines-MacBook-Pro-2:Computational-Social-Science-Projects corrinearamburo$ git checkout -b Corrine_Aramburo_Branch
Switched to a new branch 'Corrine_Aramburo_Branch'
(base) Corrines-MacBook-Pro-2:Computational-Social-Science-Projects corrinearamburo$ touch All_About_Corrine_Aramburo.txt
(base) Corrines-MacBook-Pro-2:Computational-Social-Science-Projects corrinearamburo$ rm All_About_Corrine_Aramburo.txt
(base) Corrines-MacBook-Pro-2:Computational-Social-Science-Projects corrinearamburo$ cd Git-Hub-Collaboration-Practice-
(base) Corrines-MacBook-Pro-2:Git-Hub-Collaboration-Practice- corrinearamburo$ ls
Name of Group Members	README.md
(base) Corrines-MacBook-Pro-2:Git-Hub-Collaboration-Practice- corrinearamburo$ git checkout -b Corrine_Aramburo_Branch
Switched to a new branch 'Corrine_Aramburo_Branch'
(base) Corrines-MacBook-Pro-2:Git-Hub-Collaboration-Practice- corrinearamburo$ git branch
* Corrine_Aramburo_Branch
  main
(base) Corrines-MacBook-Pro-2:Git-Hub-Collaboration-Practice- corrinearamburo$ touch All-About-Corrine-Aramburo
(base) Corrines-MacBook-Pro-2:Git-Hub-Collaboration-Practice- corrinearamburo$ touch All-About-Corrine-Aramburo.txt
(base) Corrines-MacBook-Pro-2:Git-Hub-Collaboration-Practice- corrinearamburo$ rm All-About-Corrine-Aramburo
(base) Corrines-MacBook-Pro-2:Git-Hub-Collaboration-Practice- corrinearamburo$ vim All-About-Corrine-Aramburo.txt 
(base) Corrines-MacBook-Pro-2:Git-Hub-Collaboration-Practice- corrinearamburo$ cat All-About-Corrine-Aramburo.txt 
Corrine Aramburo is a doctoral candidate in the Joint Doctoral Program in Special Education at UC Berkeley and San Francisco State University. Her research interests include Special education teacher preparation, special education teacher knowledge, on-site administration, special education leadership practices, local special education administrators, supporting the education and inclusion of students with extensive support needs, attribution theory, and the social-medical model of disability. Corrine completed her B.A. in English and History Education at Brigham Young University- Idaho (2008) and an M.A. in special education in the Extensive Support Needs program at San Francisco State University (2014). Corrine taught middle school English and history before becoming a special day class teacher for students with extensive support needs. For the past five years, Corrine has mentored and supervised pre-service special education teachers in the extensive support needs programs at San Francisco State University. Currently. Corrine’s research examines the factors that contribute to the marginalization of students with disabilities—particularly those with significant intellectual disabilities—and how these factors can be diminished via teacher preparation programs and pre-service instruction.
(base) Corrines-MacBook-Pro-2:Git-Hub-Collaboration-Practice- corrinearamburo$ git push
fatal: The current branch Corrine_Aramburo_Branch has no upstream branch.
To push the current branch and set the remote as upstream, use

    git push --set-upstream origin Corrine_Aramburo_Branch

(base) Corrines-MacBook-Pro-2:Git-Hub-Collaboration-Practice- corrinearamburo$  git push --set-upstream origin Corrine_Aramburo_Branch
Total 0 (delta 0), reused 0 (delta 0), pack-reused 0
remote: 
remote: Create a pull request for 'Corrine_Aramburo_Branch' on GitHub by visiting:
remote:      https://github.com/aramburoc/Git-Hub-Collaboration-Practice-/pull/new/Corrine_Aramburo_Branch
remote: 
To https://github.com/aramburoc/Git-Hub-Collaboration-Practice-.git
 * [new branch]      Corrine_Aramburo_Branch -> Corrine_Aramburo_Branch
Branch 'Corrine_Aramburo_Branch' set up to track remote branch 'Corrine_Aramburo_Branch' from 'origin'.
(base) Corrines-MacBook-Pro-2:Git-Hub-Collaboration-Practice- corrinearamburo$ git add All-About-Corrine-Aramburo.txt 
(base) Corrines-MacBook-Pro-2:Git-Hub-Collaboration-Practice- corrinearamburo$ git add All-About-Corrine-Aramburo.txt 
(base) Corrines-MacBook-Pro-2:Git-Hub-Collaboration-Practice- corrinearamburo$ git commit "Adding my all about me to the branch"
error: pathspec 'Adding my all about me to the branch' did not match any file(s) known to git
(base) Corrines-MacBook-Pro-2:Git-Hub-Collaboration-Practice- corrinearamburo$ git commit -m "Adding my all about me to the branch"
[Corrine_Aramburo_Branch 69d4cf0] Adding my all about me to the branch
 1 file changed, 1 insertion(+)
 create mode 100644 All-About-Corrine-Aramburo.txt
(base) Corrines-MacBook-Pro-2:Git-Hub-Collaboration-Practice- corrinearamburo$ git push
Enumerating objects: 4, done.
Counting objects: 100% (4/4), done.
Delta compression using up to 8 threads
Compressing objects: 100% (3/3), done.
Writing objects: 100% (3/3), 949 bytes | 949.00 KiB/s, done.
Total 3 (delta 0), reused 0 (delta 0), pack-reused 0
To https://github.com/aramburoc/Git-Hub-Collaboration-Practice-.git
   dfe293c..69d4cf0  Corrine_Aramburo_Branch -> Corrine_Aramburo_Branch
(base) Corrines-MacBook-Pro-2:Git-Hub-Collaboration-Practice- corrinearamburo
(base) Corrines-MacBook-Pro-2:Git-Hub-Collaboration-Practice- corrinearamburo$ git add Corrine-Aramburo-Commands
(base) Corrines-MacBook-Pro-2:Git-Hub-Collaboration-Practice- corrinearamburo$ git commite -m (Adding my git bash commands)
(base) Corrines-MacBook-Pro-2:Git-Hub-Collaboration-Practice- corrinearamburo$ git push
Last login: Fri Sep 17 14:10:20 on ttys000

The default interactive shell is now zsh.
To update your account to use zsh, please run `chsh -s /bin/zsh`.
For more details, please visit https://support.apple.com/kb/HT208050.
(base) Corrines-MacBook-Pro-2:~ corrinearamburo$ cd Desktop/
(base) Corrines-MacBook-Pro-2:Desktop corrinearamburo$ Git\ Hub/
-bash: Git Hub/: is a directory
(base) Corrines-MacBook-Pro-2:Desktop corrinearamburo$ cd Git-Hub-ColComputational-Social-Science-Projects
-bash: cd: Git-Hub-ColComputational-Social-Science-Projects: No such file or directory
(base) Corrines-MacBook-Pro-2:Desktop corrinearamburo$ cd Computational-Social-Science-Projects
-bash: cd: Computational-Social-Science-Projects: No such file or directory
(base) Corrines-MacBook-Pro-2:Desktop corrinearamburo$ pwd
/Users/corrinearamburo/Desktop
(base) Corrines-MacBook-Pro-2:Desktop corrinearamburo$ cd Git\ Hub/
(base) Corrines-MacBook-Pro-2:Git Hub corrinearamburo$ cd Git-Hub-Collaboration-Practice-
-bash: cd: Git-Hub-Collaboration-Practice-: No such file or directory
(base) Corrines-MacBook-Pro-2:Git Hub corrinearamburo$ pwd
/Users/corrinearamburo/Desktop/Git Hub
(base) Corrines-MacBook-Pro-2:Git Hub corrinearamburo$ cd Computational-Social-Science-Projects
(base) Corrines-MacBook-Pro-2:Computational-Social-Science-Projects corrinearamburo$ pwd
/Users/corrinearamburo/Desktop/Git Hub/Computational-Social-Science-Projects
(base) Corrines-MacBook-Pro-2:Computational-Social-Science-Projects corrinearamburo$ cd Git-Hub-Collaboration-Practice-
(base) Corrines-MacBook-Pro-2:Git-Hub-Collaboration-Practice- corrinearamburo$ pwd
/Users/corrinearamburo/Desktop/Git Hub/Computational-Social-Science-Projects/Git-Hub-Collaboration-Practice-
(base) Corrines-MacBook-Pro-2:Git-Hub-Collaboration-Practice- corrinearamburo$ ls
All-About-Corrine-Aramburo.txt	Name of Group Members
Corrine Aramburo Commands.txt	README.md
(base) Corrines-MacBook-Pro-2:Git-Hub-Collaboration-Practice- corrinearamburo$ vim Name\ of\ Group\ Members 
(base) Corrines-MacBook-Pro-2:Git-Hub-Collaboration-Practice- corrinearamburo$ git add Name\ of\ Group\ Members 
(base) Corrines-MacBook-Pro-2:Git-Hub-Collaboration-Practice- corrinearamburo$ git commit -m "Adding my info to the group names"
[Corrine_Aramburo_Branch 1c8e58d] Adding my info to the group names
 1 file changed, 2 insertions(+), 1 deletion(-)
(base) Corrines-MacBook-Pro-2:Git-Hub-Collaboration-Practice- corrinearamburo$ git push Name\ of\ Group\ Members 
fatal: invalid gitfile format: Name of Group Members
fatal: Could not read from remote repository.

Please make sure you have the correct access rights
and the repository exists.
(base) Corrines-MacBook-Pro-2:Git-Hub-Collaboration-Practice- corrinearamburo$ git checkout -b Corrine_Aramburo_New_nrach
Switched to a new branch 'Corrine_Aramburo_New_nrach'
(base) Corrines-MacBook-Pro-2:Git-Hub-Collaboration-Practice- corrinearamburo$ git add Name\ of\ Group\ Members 
(base) Corrines-MacBook-Pro-2:Git-Hub-Collaboration-Practice- corrinearamburo$ git commit -m "adding my info to the group name"
On branch Corrine_Aramburo_New_nrach
Untracked files:
  (use "git add <file>..." to include in what will be committed)
	.DS_Store

nothing added to commit but untracked files present (use "git add" to track)
(base) Corrines-MacBook-Pro-2:Git-Hub-Collaboration-Practice- corrinearamburo$ git add Name\ of\ Group\ Members 
(base) Corrines-MacBook-Pro-2:Git-Hub-Collaboration-Practice- corrinearamburo$ git commit -m "adding info to group name file"
On branch Corrine_Aramburo_New_nrach
Untracked files:
  (use "git add <file>..." to include in what will be committed)
	.DS_Store

nothing added to commit but untracked files present (use "git add" to track)
(base) Corrines-MacBook-Pro-2:Git-Hub-Collaboration-Practice- corrinearamburo$ git push
fatal: The current branch Corrine_Aramburo_New_nrach has no upstream branch.
To push the current branch and set the remote as upstream, use

    git push --set-upstream origin Corrine_Aramburo_New_nrach

(base) Corrines-MacBook-Pro-2:Git-Hub-Collaboration-Practice- corrinearamburo$  git push --set-upstream origin Corrine_Aramburo_New_nrach
Enumerating objects: 15, done.
Counting objects: 100% (15/15), done.
Delta compression using up to 8 threads
Compressing objects: 100% (12/12), done.
Writing objects: 100% (15/15), 3.89 KiB | 3.89 MiB/s, done.
Total 15 (delta 3), reused 6 (delta 0), pack-reused 0
remote: Resolving deltas: 100% (3/3), done.
remote: 
remote: Create a pull request for 'Corrine_Aramburo_New_nrach' on GitHub by visiting:
remote:      https://github.com/aramburoc/Git-Hub-Collaboration-Practice-/pull/new/Corrine_Aramburo_New_nrach
remote: 
To https://github.com/aramburoc/Git-Hub-Collaboration-Practice-.git
 * [new branch]      Corrine_Aramburo_New_nrach -> Corrine_Aramburo_New_nrach
Branch 'Corrine_Aramburo_New_nrach' set up to track remote branch 'Corrine_Aramburo_New_nrach' from 'origin'.
(base) Corrines-MacBook-Pro-2:Git-Hub-Collaboration-Practice- corrinearambuo
